// Jest Snapshot v1, https://goo.gl/fbAQLP

exports[`src/lib/model should construct model with 2 sections 1`] = `
Model {
  "sections": [
    Section {
      "hidden": false,
      "styles": [
        Style {
          "enabled": [Function],
          "title": "8bit",
        },
        Style {
          "enabled": [Function],
          "title": "Ambient",
        },
        Style {
          "enabled": [Function],
          "title": "Avantgarde",
        },
        Style {
          "enabled": [Function],
          "title": "Classical",
        },
        Style {
          "enabled": [Function],
          "title": "Downtempo",
        },
        Style {
          "enabled": [Function],
          "title": "Dub",
        },
        Style {
          "enabled": [Function],
          "title": "Dubstep",
        },
        Style {
          "enabled": [Function],
          "title": "Ethnic",
        },
        Style {
          "enabled": [Function],
          "title": "Hardcore",
        },
        Style {
          "enabled": [Function],
          "title": "House",
        },
        Style {
          "enabled": [Function],
          "title": "Jazz",
        },
        Style {
          "enabled": [Function],
          "title": "Jungle",
        },
        Style {
          "enabled": [Function],
          "title": "Latin",
        },
        Style {
          "enabled": [Function],
          "title": "Metal",
        },
        Style {
          "enabled": [Function],
          "title": "NewAge",
        },
        Style {
          "enabled": [Function],
          "title": "NuMetal",
        },
        Style {
          "enabled": [Function],
          "title": "Pop",
        },
        Style {
          "enabled": [Function],
          "title": "Psy",
        },
        Style {
          "enabled": [Function],
          "title": "Punk",
        },
        Style {
          "enabled": [Function],
          "title": "Rap",
        },
        Style {
          "enabled": [Function],
          "title": "Reggae",
        },
        Style {
          "enabled": [Function],
          "title": "Retro",
        },
        Style {
          "enabled": [Function],
          "title": "Rock",
        },
        Style {
          "enabled": [Function],
          "title": "RockBallad",
        },
        Style {
          "enabled": [Function],
          "title": "RocknRoll",
        },
        Style {
          "enabled": [Function],
          "title": "Sacred",
        },
        Style {
          "enabled": [Function],
          "title": "Soundtrack",
        },
        Style {
          "enabled": [Function],
          "title": "Southern",
        },
        Style {
          "enabled": [Function],
          "title": "Trance",
        },
      ],
      "title": "genres",
    },
    Section {
      "hidden": false,
      "styles": [
        Style {
          "enabled": [Function],
          "title": "Choir",
        },
        Style {
          "enabled": [Function],
          "title": "Drive",
        },
        Style {
          "enabled": [Function],
          "title": "Electronic",
        },
        Style {
          "enabled": [Function],
          "title": "Guitar",
        },
        Style {
          "enabled": [Function],
          "title": "Instrumental",
        },
        Style {
          "enabled": [Function],
          "title": "Nature",
        },
        Style {
          "enabled": [Function],
          "title": "Orchestra",
        },
        Style {
          "enabled": [Function],
          "title": "Piano",
        },
        Style {
          "enabled": [Function],
          "title": "Vargan",
        },
        Style {
          "enabled": [Function],
          "title": "Violin",
        },
      ],
      "title": "instruments",
    },
    Section {
      "hidden": false,
      "styles": [
        Style {
          "enabled": [Function],
          "title": "Active",
        },
        Style {
          "enabled": [Function],
          "title": "Atmosphere",
        },
        Style {
          "enabled": [Function],
          "title": "Chant",
        },
        Style {
          "enabled": [Function],
          "title": "Children",
        },
        Style {
          "enabled": [Function],
          "title": "Coffee",
        },
        Style {
          "enabled": [Function],
          "title": "Dance",
        },
        Style {
          "enabled": [Function],
          "title": "Depress",
        },
        Style {
          "enabled": [Function],
          "title": "Deutsch",
        },
        Style {
          "enabled": [Function],
          "title": "Festival",
        },
        Style {
          "enabled": [Function],
          "title": "Happy",
        },
        Style {
          "enabled": [Function],
          "title": "History",
        },
        Style {
          "enabled": [Function],
          "title": "Holiday",
        },
        Style {
          "enabled": [Function],
          "title": "Keys",
        },
        Style {
          "enabled": [Function],
          "title": "Long",
        },
        Style {
          "enabled": [Function],
          "title": "Love",
        },
        Style {
          "enabled": [Function],
          "title": "Massage",
        },
        Style {
          "enabled": [Function],
          "title": "PlayCalimba",
        },
        Style {
          "enabled": [Function],
          "title": "PlayGuitar",
        },
        Style {
          "enabled": [Function],
          "title": "PlayPiano",
        },
        Style {
          "enabled": [Function],
          "title": "Relax",
        },
        Style {
          "enabled": [Function],
          "title": "Run",
        },
        Style {
          "enabled": [Function],
          "title": "Sleep",
        },
        Style {
          "enabled": [Function],
          "title": "Sport",
        },
        Style {
          "enabled": [Function],
          "title": "Walk",
        },
      ],
      "title": "themes",
    },
    Section {
      "hidden": "true",
      "styles": [
        Style {
          "enabled": [Function],
          "title": "Active",
        },
        Style {
          "enabled": [Function],
          "title": "Atmosphere",
        },
        Style {
          "enabled": [Function],
          "title": "Chant",
        },
        Style {
          "enabled": [Function],
          "title": "Children",
        },
        Style {
          "enabled": [Function],
          "title": "Coffee",
        },
        Style {
          "enabled": [Function],
          "title": "Dance",
        },
        Style {
          "enabled": [Function],
          "title": "Depress",
        },
        Style {
          "enabled": [Function],
          "title": "Deutsch",
        },
        Style {
          "enabled": [Function],
          "title": "Festival",
        },
        Style {
          "enabled": [Function],
          "title": "Happy",
        },
        Style {
          "enabled": [Function],
          "title": "History",
        },
        Style {
          "enabled": [Function],
          "title": "Holiday",
        },
        Style {
          "enabled": [Function],
          "title": "Keys",
        },
        Style {
          "enabled": [Function],
          "title": "Long",
        },
        Style {
          "enabled": [Function],
          "title": "Love",
        },
        Style {
          "enabled": [Function],
          "title": "Massage",
        },
        Style {
          "enabled": [Function],
          "title": "PlayCalimba",
        },
        Style {
          "enabled": [Function],
          "title": "PlayGuitar",
        },
        Style {
          "enabled": [Function],
          "title": "PlayPiano",
        },
        Style {
          "enabled": [Function],
          "title": "Relax",
        },
        Style {
          "enabled": [Function],
          "title": "Run",
        },
        Style {
          "enabled": [Function],
          "title": "Sleep",
        },
        Style {
          "enabled": [Function],
          "title": "Sport",
        },
        Style {
          "enabled": [Function],
          "title": "Walk",
        },
      ],
      "title": "other",
    },
  ],
  "value": [Function],
}
`;
